import time: self [us] | cumulative | imported package
import time:       118 |        118 | winreg
import time:       255 |        255 |   _io
import time:        57 |         57 |   marshal
import time:       255 |        255 |   nt
import time:      1748 |       2313 | _frozen_importlib_external
import time:       549 |        549 |   time
import time:       556 |       1105 | zipimport
import time:        58 |         58 |     _codecs
import time:      1188 |       1245 |   codecs
import time:      1923 |       1923 |   encodings.aliases
import time:       717 |        717 |   encodings._win_cp_codecs
import time:      3238 |       7121 | encodings
import time:       730 |        730 | encodings.utf_8
import time:       577 |        577 | encodings.cp1252
import time:        66 |         66 | _signal
import time:        33 |         33 |       _abc
import time:       412 |        444 |     abc
import time:        73 |         73 |       _stat
import time:       506 |        579 |     stat
import time:       844 |        844 |     _collections_abc
import time:        86 |         86 |       genericpath
import time:       106 |        106 |       _winapi
import time:       487 |        678 |     ntpath
import time:      1057 |       3601 |   os
import time:        93 |         93 |   _sitebuiltins
import time:        62 |         62 |   errno
import time:       602 |        602 |   sitecustomize
import time:      1447 |       5804 | site
import time:       512 |        512 |   __future__
import time:        64 |         64 |         _contextvars
import time:      1361 |       1425 |       _py_warnings
import time:       938 |       2362 |     warnings
import time:       673 |        673 |     numpy.version
import time:       483 |        483 |     numpy._expired_attrs_2_0
import time:        52 |         52 |           _types
import time:       749 |        801 |         types
import time:      1634 |       2434 |       enum
import time:       182 |        182 |             itertools
import time:       663 |        663 |             keyword
import time:        78 |         78 |               _operator
import time:       899 |        976 |             operator
import time:       600 |        600 |             reprlib
import time:        80 |         80 |             _collections
import time:      1993 |       4492 |           collections
import time:        60 |         60 |           _functools
import time:      1068 |       5620 |         functools
import time:       581 |        581 |         numpy._utils._convertions
import time:       781 |       6981 |       numpy._utils
import time:       747 |      10161 |     numpy._globals
import time:        76 |         76 |       numpy._distributor_init_local
import time:       535 |        611 |     numpy._distributor_init
import time:        74 |         74 |                 _datetime
import time:      1003 |       1076 |               datetime
import time:       224 |        224 |               math
import time:       647 |        647 |               numpy.exceptions
import time:       615 |        615 |               numpy._core._exceptions
import time:       406 |        406 |                 contextvars
import time:       615 |       1021 |               numpy._core.printoptions
import time:       397 |        397 |               numpy.dtypes
import time:      7337 |      11314 |             numpy._core._multiarray_umath
import time:       906 |        906 |                     _ast
import time:       917 |       1822 |                   ast
import time:      1483 |       3305 |                 annotationlib
import time:       213 |        213 |                   io
import time:        52 |         52 |                     _opcode
import time:       574 |        574 |                     _opcode_metadata
import time:       959 |       1584 |                   opcode
import time:      2034 |       3830 |                 dis
import time:       526 |        526 |                   importlib
import time:       192 |        717 |                 importlib.machinery
import time:       493 |        493 |                 linecache
import time:        72 |         72 |                     _sre
import time:       617 |        617 |                       re._constants
import time:      1024 |       1641 |                     re._parser
import time:       769 |        769 |                     re._casefix
import time:      1726 |       4207 |                   re._compiler
import time:       634 |        634 |                   copyreg
import time:      1079 |       5918 |                 re
import time:       541 |        541 |                   token
import time:        43 |         43 |                   _tokenize
import time:      1471 |       2054 |                 tokenize
import time:       540 |        540 |                   _weakrefset
import time:       895 |       1434 |                 weakref
import time:      3161 |      20910 |               inspect
import time:       775 |        775 |               numpy._utils._inspect
import time:      1214 |      22898 |             numpy._core.overrides
import time:      2204 |      36415 |           numpy._core.multiarray
import time:       655 |        655 |           numpy._core.umath
import time:       677 |        677 |             numbers
import time:       500 |        500 |             numpy._core._dtype
import time:       453 |        453 |             numpy._core._string_helpers
import time:       596 |        596 |             numpy._core._type_aliases
import time:      1136 |       3360 |           numpy._core.numerictypes
import time:        90 |         90 |                         _struct
import time:       713 |        803 |                       struct
import time:       625 |        625 |                       _compat_pickle
import time:       118 |        118 |                       _pickle
import time:      1431 |       2975 |                     pickle
import time:       903 |        903 |                     contextlib
import time:       844 |       4720 |                   numpy._core._methods
import time:      1453 |       6173 |                 numpy._core.fromnumeric
import time:      1481 |       7654 |               numpy._core.shape_base
import time:       532 |        532 |               numpy._core._ufunc_config
import time:       660 |        660 |               numpy._core._asarray
import time:      1079 |       1079 |               numpy._core.arrayprint
import time:      1716 |      11640 |             numpy._core.numeric
import time:       723 |      12363 |           numpy._core.einsumfunc
import time:       632 |        632 |           numpy._core.function_base
import time:       525 |        525 |           numpy._core.getlimits
import time:       493 |        493 |           numpy._core.memmap
import time:       578 |        578 |           numpy._core.records
import time:      1012 |       1012 |             textwrap
import time:      4676 |       5688 |           numpy._core._add_newdocs
import time:      1264 |       1264 |           numpy._core._add_newdocs_scalars
import time:       510 |        510 |           numpy._core._dtype_ctypes
import time:       892 |        892 |                 threading
import time:      1473 |       2364 |               sysconfig
import time:      4441 |       4441 |               _ctypes
import time:       954 |        954 |               ctypes._endian
import time:      2037 |       9795 |             ctypes
import time:      1066 |      10860 |           numpy._core._internal
import time:       841 |        841 |           numpy._pytesttester
import time:      2978 |      77156 |         numpy._core
import time:       575 |      77731 |       numpy._core._multiarray_umath
import time:       881 |      78612 |     numpy.__config__
import time:        52 |         52 |           _typing
import time:      2440 |       2491 |         typing
import time:       512 |        512 |                       numpy._typing._nbit_base
import time:       680 |        680 |                       numpy._typing._nested_sequence
import time:       604 |        604 |                       numpy._typing._shape
import time:      2870 |       4665 |                     numpy._typing._array_like
import time:      2645 |       2645 |                     numpy._typing._char_codes
import time:      2076 |       2076 |                     numpy._typing._dtype_like
import time:       432 |        432 |                     numpy._typing._nbit
import time:       471 |        471 |                     numpy._typing._scalars
import time:       398 |        398 |                     numpy._typing._ufunc
import time:      1960 |      12644 |                   numpy._typing
import time:       990 |        990 |                     numpy.lib._stride_tricks_impl
import time:      1213 |       2203 |                   numpy.lib._twodim_base_impl
import time:       492 |        492 |                     numpy.lib._array_utils_impl
import time:       842 |       1334 |                   numpy.lib.array_utils
import time:      1171 |       1171 |                   numpy.linalg._umath_linalg
import time:      4489 |      21839 |                 numpy.linalg._linalg
import time:       744 |      22583 |               numpy.linalg
import time:       900 |      23482 |             numpy.matrixlib.defmatrix
import time:       597 |      24079 |           numpy.matrixlib
import time:       615 |        615 |             numpy.lib._histograms_impl
import time:      1678 |       2293 |           numpy.lib._function_base_impl
import time:      1301 |      27671 |         numpy.lib._index_tricks_impl
import time:      1346 |      31507 |       numpy.lib._arraypad_impl
import time:      1649 |       1649 |       numpy.lib._arraysetops_impl
import time:       670 |        670 |       numpy.lib._arrayterator_impl
import time:       701 |        701 |       numpy.lib._nanfunctions_impl
import time:      1558 |       1558 |                 _wmi
import time:      1414 |       2971 |               platform
import time:       730 |       3701 |             numpy.lib._utils_impl
import time:       671 |       4372 |           numpy.lib._format_impl
import time:       614 |       4986 |         numpy.lib.format
import time:       780 |        780 |         numpy.lib._datasource
import time:       759 |        759 |         numpy.lib._iotools
import time:      1263 |       7786 |       numpy.lib._npyio_impl
import time:       457 |        457 |           numpy.lib._ufunclike_impl
import time:       653 |       1110 |         numpy.lib._type_check_impl
import time:       981 |       2090 |       numpy.lib._polynomial_impl
import time:       944 |        944 |       numpy.lib._shape_base_impl
import time:       888 |        888 |       numpy.lib._version
import time:      1117 |       1117 |       numpy.lib.introspect
import time:       640 |        640 |       numpy.lib.mixins
import time:       447 |        447 |       numpy.lib.npyio
import time:       545 |        545 |         numpy.lib._scimath_impl
import time:       523 |       1068 |       numpy.lib.scimath
import time:       425 |        425 |       numpy.lib.stride_tricks
import time:      3695 |      53621 |     numpy.lib
import time:       503 |        503 |     numpy._array_api_info
import time:      2616 |     149639 |   numpy
import time:       627 |        627 |     dateutil._version
import time:      1019 |       1645 |   dateutil
import time:      1683 |       1683 |         _socket
import time:      1494 |       3177 |       socket
